Analyzing pointchat...
